// Jest Snapshot v1, https://goo.gl/fbAQLP

exports[`textLayout.textlayout /」\\n統/ 1`] = `
"心情愉快的諾艾爾稍微動了一下之後張開雙眼。
頓時臉頰紅潤著。

諾艾爾「…那個、早上好。統夜先生」
統夜「嗯、早安。諾艾爾」

雖說諾艾爾仍舊眷戀著他的身旁，但還是爬起來了。
原本隔著她輕薄粉色的睡衣傳來的體溫也離去了。"
`;
