// Jest Snapshot v1, https://goo.gl/fbAQLP

exports[`parse 1`] = `
Object {
  "attach": Object {
    "images": Object {},
  },
  "cache": Object {},
  "context": "
<ruby>漢<rp>(</rp><rt>Kan</rt><rp>)</rp>字<rp>(</rp><rt>ji</rt><rp>)</rp></ruby>

<ruby>漢<rt>Kan</rt>字<rt>ji</rt></ruby>

<s>刪除綫</s>
<b>粗</b>
<i>斜</i>

这段文本包含 <sup>上标</sup>
这段文本包含 <sub>下标</sub>

---------------------

以下是以全形來使用排版語法

<ruby>漢<rp>（</rp><rt>Ｋａｎ</rt><rp>）</rp>字<rp>（</rp><rt>ｊｉ</rt><rp>）</rp></ruby>

<ruby>漢<rt>Ｋａｎ</rt>字<rt>ｊｉ</rt></ruby>

<s>刪除綫</s>
<b>粗</b>
<i>斜</i>

这段文本包含　<sup>上标</sup>
这段文本包含　<sub>下标</sub>

---------------------

靜讀天下

(圖片html001)
",
}
`;
