// Jest Snapshot v1, https://goo.gl/fbAQLP

exports[`createSortCallback 1`] = `
Array [
  "",
  "大会議　㊤",
  "大会議　㊦",
  "大会議　前",
  "大会議　后",
  "大会議　後",
]
`;
