// Jest Snapshot v1, https://goo.gl/fbAQLP

exports[`describe normalize_strip 1`] = `"2章 不希望獨占的日子結束的面具工薪族版_二百四十四話　逐漸増加的春季預予于於定.txt"`;
